# Recorded edid-decode --check findings for the synthetic EDID.
#
# Regenerate with scripts/check-edid-conformity.sh --update.
# A new "failure|" line is a regression to fix or justify in
# docs/driver-design.md, not a baseline to rubber-stamp.
#
# Recorded with: edid-decode 1.32.0

### base-defaults (128 bytes)
warning|Block 0, Base EDID|Vendor & Product Identification: The serial number is one of the known dummy values, it should probably be set to 0.
### base-ten-bit (128 bytes)
warning|Block 0, Base EDID|Vendor & Product Identification: The serial number is one of the known dummy values, it should probably be set to 0.
### generic (128 bytes)
### profile-720p (128 bytes)
warning|Block 0, Base EDID|Vendor & Product Identification: The serial number is one of the known dummy values, it should probably be set to 0.
### hdr-eight-bit (256 bytes)
warning|Block 0, Base EDID|Vendor & Product Identification: The serial number is one of the known dummy values, it should probably be set to 0.
warning|Block 1, CTA-861 Extension Block|Video Data Block: For improved preferred timing interoperability, set 'Native detailed modes' to 1.
### hdr-ten-bit (256 bytes)
warning|Block 0, Base EDID|Vendor & Product Identification: The serial number is one of the known dummy values, it should probably be set to 0.
warning|Block 1, CTA-861 Extension Block|Video Data Block: For improved preferred timing interoperability, set 'Native detailed modes' to 1.
### generic-hdr (256 bytes)
warning|Block 1, CTA-861 Extension Block|Video Data Block: For improved preferred timing interoperability, set 'Native detailed modes' to 1.
### profile-720p-hdr (256 bytes)
warning|Block 0, Base EDID|Vendor & Product Identification: The serial number is one of the known dummy values, it should probably be set to 0.
warning|Block 1, CTA-861 Extension Block|Video Data Block: VIC 1 and the first DTD are not identical. Is this intended?
